******************************************************************************
             TMS320C2000 Linker PC v20.2.1                     
******************************************************************************
>> Linked Wed Jan 10 14:55:23 2024

OUTPUT FILE NAME:   <../BI_MPPT.out>
ENTRY POINT SYMBOL: "_c_int00"  address: 003f07f6


MEMORY CONFIGURATION

         name            origin    length      used     unused   attr    fill
----------------------  --------  ---------  --------  --------  ----  --------
PAGE 0:
  BEGINRAM              00000000   00000002  00000000  00000002  RWIX
  PRAML0                00008000   00001000  00000063  00000f9d  RWIX
  OTP                   003d7800   00000400  00000000  00000400  RWIX
  FLASH                 003f0000   00007ff6  00000bd6  00007420  RWIX
  BEGINFLASH            003f7ff6   00000002  00000002  00000000  RWIX
  CSM_PWL               003f7ff8   00000008  00000000  00000008  RWIX
  IQTABLES              003fe000   00000b50  00000000  00000b50  RWIX
  IQTABLES2             003feb50   0000008c  00000000  0000008c  RWIX
  IQTABLES3             003febdc   000000aa  00000000  000000aa  RWIX
  BOOTROM               003ff27c   00000d44  00000000  00000d44  RWIX
  RESET                 003fffc0   00000002  00000000  00000002  RWIX
  VECTORS               003fffc2   0000003e  00000000  0000003e  RWIX

PAGE 1:
  RAMM0M1               00000002   000007fe  00000300  000004fe  RWIX
  DEV_EMU               00000880   00000105  00000004  00000101  RWIX
  SYS_PWR_CTL           00000985   00000003  00000003  00000000  RWIX
  FLASH_REGS            00000a80   00000060  00000008  00000058  RWIX
  CSM                   00000ae0   00000010  00000010  00000000  RWIX
  ADC_RESULT            00000b00   00000020  00000020  00000000  RWIX
  CPU_TIMER0            00000c00   00000008  00000008  00000000  RWIX
  CPU_TIMER1            00000c08   00000008  00000008  00000000  RWIX
  CPU_TIMER2            00000c10   00000008  00000008  00000000  RWIX
  PIE_CTRL              00000ce0   00000020  0000001a  00000006  RWIX
  PIE_VECT              00000d00   00000100  00000100  00000000  RWIX
  COMP1                 00006400   00000020  00000011  0000000f  RWIX
  COMP2                 00006420   00000020  00000011  0000000f  RWIX
  EPWM1                 00006800   00000040  00000040  00000000  RWIX
  EPWM2                 00006840   00000040  00000040  00000000  RWIX
  EPWM3                 00006880   00000040  00000040  00000000  RWIX
  EPWM4                 000068c0   00000040  00000040  00000000  RWIX
  ECAP1                 00006a00   00000020  00000020  00000000  RWIX
  GPIOCTRL              00006f80   00000040  00000040  00000000  RWIX
  GPIODAT               00006fc0   00000020  00000020  00000000  RWIX
  GPIOINT               00006fe0   00000020  0000000a  00000016  RWIX
  SYSTEM                00007010   00000020  0000001f  00000001  RWIX
  SPIA                  00007040   00000010  00000010  00000000  RWIX
  SCIA                  00007050   00000010  00000010  00000000  RWIX
  NMIINTRUPT            00007060   00000010  00000010  00000000  RWIX
  XINTRUPT              00007070   00000010  00000010  00000000  RWIX
  ADC                   00007100   00000080  00000051  0000002f  RWIX
  I2CA                  00007900   00000040  00000022  0000001e  RWIX
  PARTID                003d7fff   00000001  00000001  00000000  RWIX
  CSM_PWL               003f7ff8   00000008  00000008  00000000  RWIX


SECTION ALLOCATION MAP

 output                                  attributes/
section   page    origin      length       input sections
--------  ----  ----------  ----------   ----------------
DevEmuRegsFile 
*          1    00000880    00000004     UNINITIALIZED
                  00000880    00000004     F2802x_GlobalVariableDefs.obj (DevEmuRegsFile)

SysPwrCtrlRegsFile 
*          1    00000985    00000003     UNINITIALIZED
                  00000985    00000003     F2802x_GlobalVariableDefs.obj (SysPwrCtrlRegsFile)

FlashRegsFile 
*          1    00000a80    00000008     UNINITIALIZED
                  00000a80    00000008     F2802x_GlobalVariableDefs.obj (FlashRegsFile)

CsmRegsFile 
*          1    00000ae0    00000010     UNINITIALIZED
                  00000ae0    00000010     F2802x_GlobalVariableDefs.obj (CsmRegsFile)

AdcResultFile 
*          1    00000b00    00000020     UNINITIALIZED
                  00000b00    00000020     F2802x_GlobalVariableDefs.obj (AdcResultFile)

CpuTimer0RegsFile 
*          1    00000c00    00000008     UNINITIALIZED
                  00000c00    00000008     F2802x_GlobalVariableDefs.obj (CpuTimer0RegsFile)

CpuTimer1RegsFile 
*          1    00000c08    00000008     UNINITIALIZED
                  00000c08    00000008     F2802x_GlobalVariableDefs.obj (CpuTimer1RegsFile)

CpuTimer2RegsFile 
*          1    00000c10    00000008     UNINITIALIZED
                  00000c10    00000008     F2802x_GlobalVariableDefs.obj (CpuTimer2RegsFile)

PieCtrlRegsFile 
*          1    00000ce0    0000001a     UNINITIALIZED
                  00000ce0    0000001a     F2802x_GlobalVariableDefs.obj (PieCtrlRegsFile)

PieVectTableFile 
*          1    00000d00    00000100     UNINITIALIZED
                  00000d00    00000100     F2802x_GlobalVariableDefs.obj (PieVectTableFile)

EmuKeyVar 
*          1    00000d00    00000001     UNINITIALIZED
                  00000d00    00000001     F2802x_GlobalVariableDefs.obj (EmuKeyVar)

EmuBModeVar 
*          1    00000d01    00000001     UNINITIALIZED
                  00000d01    00000001     F2802x_GlobalVariableDefs.obj (EmuBModeVar)

FlashCallbackVar 
*          1    00000d02    00000002     UNINITIALIZED
                  00000d02    00000002     F2802x_GlobalVariableDefs.obj (FlashCallbackVar)

FlashScalingVar 
*          1    00000d04    00000002     UNINITIALIZED
                  00000d04    00000002     F2802x_GlobalVariableDefs.obj (FlashScalingVar)

Comp1RegsFile 
*          1    00006400    00000011     UNINITIALIZED
                  00006400    00000011     F2802x_GlobalVariableDefs.obj (Comp1RegsFile)

Comp2RegsFile 
*          1    00006420    00000011     UNINITIALIZED
                  00006420    00000011     F2802x_GlobalVariableDefs.obj (Comp2RegsFile)

EPwm1RegsFile 
*          1    00006800    00000040     UNINITIALIZED
                  00006800    00000040     F2802x_GlobalVariableDefs.obj (EPwm1RegsFile)

EPwm2RegsFile 
*          1    00006840    00000040     UNINITIALIZED
                  00006840    00000040     F2802x_GlobalVariableDefs.obj (EPwm2RegsFile)

EPwm3RegsFile 
*          1    00006880    00000040     UNINITIALIZED
                  00006880    00000040     F2802x_GlobalVariableDefs.obj (EPwm3RegsFile)

EPwm4RegsFile 
*          1    000068c0    00000040     UNINITIALIZED
                  000068c0    00000040     F2802x_GlobalVariableDefs.obj (EPwm4RegsFile)

ECap1RegsFile 
*          1    00006a00    00000020     UNINITIALIZED
                  00006a00    00000020     F2802x_GlobalVariableDefs.obj (ECap1RegsFile)

GpioCtrlRegsFile 
*          1    00006f80    00000040     UNINITIALIZED
                  00006f80    00000040     F2802x_GlobalVariableDefs.obj (GpioCtrlRegsFile)

GpioDataRegsFile 
*          1    00006fc0    00000020     UNINITIALIZED
                  00006fc0    00000020     F2802x_GlobalVariableDefs.obj (GpioDataRegsFile)

GpioIntRegsFile 
*          1    00006fe0    0000000a     UNINITIALIZED
                  00006fe0    0000000a     F2802x_GlobalVariableDefs.obj (GpioIntRegsFile)

SysCtrlRegsFile 
*          1    00007010    0000001f     UNINITIALIZED
                  00007010    0000001f     F2802x_GlobalVariableDefs.obj (SysCtrlRegsFile)

SpiaRegsFile 
*          1    00007040    00000010     UNINITIALIZED
                  00007040    00000010     F2802x_GlobalVariableDefs.obj (SpiaRegsFile)

SciaRegsFile 
*          1    00007050    00000010     UNINITIALIZED
                  00007050    00000010     F2802x_GlobalVariableDefs.obj (SciaRegsFile)

NmiIntruptRegsFile 
*          1    00007060    00000010     UNINITIALIZED
                  00007060    00000010     F2802x_GlobalVariableDefs.obj (NmiIntruptRegsFile)

XIntruptRegsFile 
*          1    00007070    00000010     UNINITIALIZED
                  00007070    00000010     F2802x_GlobalVariableDefs.obj (XIntruptRegsFile)

AdcRegsFile 
*          1    00007100    00000051     UNINITIALIZED
                  00007100    00000051     F2802x_GlobalVariableDefs.obj (AdcRegsFile)

I2caRegsFile 
*          1    00007900    00000022     UNINITIALIZED
                  00007900    00000022     F2802x_GlobalVariableDefs.obj (I2caRegsFile)

PartIdRegsFile 
*          1    003d7fff    00000001     UNINITIALIZED
                  003d7fff    00000001     F2802x_GlobalVariableDefs.obj (PartIdRegsFile)

CsmPwlFile 
*          1    003f7ff8    00000008     UNINITIALIZED
                  003f7ff8    00000008     F2802x_GlobalVariableDefs.obj (CsmPwlFile)

.text      0    003f001f    00000a76     
                  003f001f    0000022e     f2802x_adc.obj (.text)
                  003f024d    00000176     BI_MPPT.obj (.text)
                  003f03c3    0000013a     f2802x_sysctrl.obj (.text)
                  003f04fd    000000ff     f2802x_defaultisr.obj (.text:retain)
                  003f05fc    00000078     rts2800_ml.lib : fs_add28.asm.obj (.text)
                  003f0674    00000073     f2802x_cputimers.obj (.text)
                  003f06e7    0000005d     ert_main.obj (.text)
                  003f0744    0000005a     rts2800_ml.lib : fs_mpy28.asm.obj (.text)
                  003f079e    00000058     MW_c28xx_adc.obj (.text)
                  003f07f6    00000054     rts2800_ml.lib : boot28.asm.obj (.text)
                  003f084a    0000004d     c2802xSchedulerTimer0.obj (.text)
                  003f0897    0000003c     MW_c28xx_board.obj (.text)
                  003f08d3    0000002b     c2802xSchedulerTimer0.obj (.text:retain)
                  003f08fe    00000029     rts2800_ml.lib : exit.c.obj (.text)
                  003f0927    00000029                    : fs_tol28.asm.obj (.text)
                  003f0950    00000028     f2802x_piectrl.obj (.text)
                  003f0978    00000026     f2802x_pievect.obj (.text)
                  003f099e    00000024     rts2800_ml.lib : cpy_tbl.c.obj (.text)
                  003f09c2    0000001d                    : fs_tou28.asm.obj (.text)
                  003f09df    0000001d                    : memcpy.c.obj (.text)
                  003f09fc    00000017     MW_c28xx_pwm.obj (.text)
                  003f0a13    00000017     rts2800_ml.lib : fs_cmp28.asm.obj (.text)
                  003f0a2a    00000014     MW_c28xGlobalInterrupts.obj (.text)
                  003f0a3e    00000013     rts2800_ml.lib : ul_tofs28.asm.obj (.text)
                  003f0a51    00000011                    : args_main.c.obj (.text)
                  003f0a62    00000010                    : u_tofs28.asm.obj (.text)
                  003f0a72    0000000f     c2802xBoard_Realtime_Support.obj (.text)
                  003f0a81    00000009     rts2800_ml.lib : _lock.c.obj (.text)
                  003f0a8a    00000008     f2802x_codestartbranch.obj (.text)
                  003f0a92    00000002     rts2800_ml.lib : pre_init.c.obj (.text)
                  003f0a94    00000001                    : startup.c.obj (.text)

.bss       0    00008000    00000000     UNINITIALIZED

.ebss      0    00008000    00000044     UNINITIALIZED
                  00008000    00000018     f2802x_cputimers.obj (.ebss)
                  00008018    0000000e     BI_MPPT.obj (.ebss)
                  00008026    0000000e     BI_MPPT_data.obj (.ebss)
                  00008034    00000006     rts2800_ml.lib : exit.c.obj (.ebss)
                  0000803a    00000004     ert_main.obj (.ebss)
                  0000803e    00000002     rts2800_ml.lib : _lock.c.obj (.ebss:__lock)
                  00008040    00000002                    : _lock.c.obj (.ebss:__unlock)
                  00008042    00000001     MW_c28xGPIO.obj (.ebss)
                  00008043    00000001     MW_c28xGlobalInterrupts.obj (.ebss)

.cinit     0    003f0b98    0000003f     
                  003f0b98    00000011     BI_MPPT_data.obj (.cinit)
                  003f0ba9    0000000e     rts2800_ml.lib : exit.c.obj (.cinit)
                  003f0bb7    00000008     ert_main.obj (.cinit)
                  003f0bbf    00000005     rts2800_ml.lib : _lock.c.obj (.cinit:__lock)
                  003f0bc4    00000005                    : _lock.c.obj (.cinit:__unlock)
                  003f0bc9    00000004     BI_MPPT.obj (.cinit)
                  003f0bcd    00000004     MW_c28xGPIO.obj (.cinit)
                  003f0bd1    00000004     MW_c28xGlobalInterrupts.obj (.cinit)
                  003f0bd5    00000002     --HOLE-- [fill = 0]

.pinit     0    003f0000    00000000     UNINITIALIZED

.econst    0    003f0a96    00000102     
                  003f0a96    00000100     f2802x_pievect.obj (.econst:_PieVectTableInit)
                  003f0b96    00000002     BI_MPPT.obj (.econst)

.reset     0    003fffc0    00000002     DSECT
                  003fffc0    00000002     rts2800_ml.lib : boot28.asm.obj (.reset)

.data      0    00008000    00000000     UNINITIALIZED

.stack     1    00000002    00000300     UNINITIALIZED
                  00000002    00000300     --HOLE--

codestart 
*          0    003f7ff6    00000002     
                  003f7ff6    00000002     f2802x_codestartbranch.obj (codestart)

ramfuncs   0    003f0000    0000001f     RUN ADDR = 00008044
                  003f0000    0000001b     f2802x_sysctrl.obj (ramfuncs)
                  003f001b    00000004     f2802x_usdelay.obj (ramfuncs)

MODULE SUMMARY

       Module                             code   initialized data   uninitialized data
       ------                             ----   ----------------   ------------------
    <current directory>
       F2802x_GlobalVariableDefs.obj      0      0                  1022              
       f2802x_adc.obj                     558    0                  0                 
       BI_MPPT.obj                        374    6                  14                
       f2802x_sysctrl.obj                 368    0                  0                 
       f2802x_pievect.obj                 38     256                0                 
       f2802x_defaultisr.obj              255    0                  0                 
       f2802x_cputimers.obj               115    0                  24                
       c2802xSchedulerTimer0.obj          120    0                  0                 
       ert_main.obj                       93     8                  4                 
       MW_c28xx_adc.obj                   88     0                  0                 
       MW_c28xx_board.obj                 60     0                  0                 
       f2802x_piectrl.obj                 40     0                  0                 
       BI_MPPT_data.obj                   0      17                 14                
       MW_c28xGlobalInterrupts.obj        20     4                  1                 
       MW_c28xx_pwm.obj                   23     0                  0                 
       c2802xBoard_Realtime_Support.obj   15     0                  0                 
       f2802x_codestartbranch.obj         10     0                  0                 
       f2802x_usdelay.obj                 8      0                  0                 
       MW_c28xGPIO.obj                    0      4                  1                 
    +--+----------------------------------+------+------------------+--------------------+
       Total:                             2185   295                1080              
                                                                                      
    C:/PROGRA~3/MATLAB/tic2000/3P778C~1.INS/TIC28X~1.INS/TI-CGT~1.LTS/lib/rts2800_ml.lib
       fs_add28.asm.obj                   120    0                  0                 
       fs_mpy28.asm.obj                   90     0                  0                 
       boot28.asm.obj                     84     0                  0                 
       exit.c.obj                         41     14                 6                 
       fs_tol28.asm.obj                   41     0                  0                 
       cpy_tbl.c.obj                      36     0                  0                 
       fs_tou28.asm.obj                   29     0                  0                 
       memcpy.c.obj                       29     0                  0                 
       _lock.c.obj                        9      10                 4                 
       fs_cmp28.asm.obj                   23     0                  0                 
       ul_tofs28.asm.obj                  19     0                  0                 
       args_main.c.obj                    17     0                  0                 
       u_tofs28.asm.obj                   16     0                  0                 
       pre_init.c.obj                     2      0                  0                 
       startup.c.obj                      1      0                  0                 
    +--+----------------------------------+------+------------------+--------------------+
       Total:                             557    24                 10                
                                                                                      
       Stack:                             0      0                  768               
    +--+----------------------------------+------+------------------+--------------------+
       Grand Total:                       2742   319                1858              


GLOBAL DATA SYMBOLS: SORTED BY DATA PAGE

address     data page           name
--------    ----------------    ----
00000002       0 (00000000)     __stack

00000880      22 (00000880)     _DevEmuRegs

00000985      26 (00000980)     _SysPwrCtrlRegs

00000a80      2a (00000a80)     _FlashRegs

00000ae0      2b (00000ac0)     _CsmRegs

00000b00      2c (00000b00)     _AdcResult

00000c00      30 (00000c00)     _CpuTimer0Regs
00000c08      30 (00000c00)     _CpuTimer1Regs
00000c10      30 (00000c00)     _CpuTimer2Regs

00000ce0      33 (00000cc0)     _PieCtrlRegs

00000d00      34 (00000d00)     _EmuKey
00000d00      34 (00000d00)     _PieVectTable
00000d01      34 (00000d00)     _EmuBMode
00000d02      34 (00000d00)     _Flash_CallbackPtr
00000d04      34 (00000d00)     _Flash_CPUScaleFactor

00006400     190 (00006400)     _Comp1Regs
00006420     190 (00006400)     _Comp2Regs

00006800     1a0 (00006800)     _EPwm1Regs

00006840     1a1 (00006840)     _EPwm2Regs

00006880     1a2 (00006880)     _EPwm3Regs

000068c0     1a3 (000068c0)     _EPwm4Regs

00006a00     1a8 (00006a00)     _ECap1Regs

00006f80     1be (00006f80)     _GpioCtrlRegs

00006fc0     1bf (00006fc0)     _GpioDataRegs
00006fe0     1bf (00006fc0)     _GpioIntRegs

00007010     1c0 (00007000)     _SysCtrlRegs

00007040     1c1 (00007040)     _SpiaRegs
00007050     1c1 (00007040)     _SciaRegs
00007060     1c1 (00007040)     _NmiIntruptRegs
00007070     1c1 (00007040)     _XIntruptRegs

00007100     1c4 (00007100)     _AdcRegs

00007900     1e4 (00007900)     _I2caRegs

00008000     200 (00008000)     _CpuTimer0
00008008     200 (00008000)     _CpuTimer1
00008010     200 (00008000)     _CpuTimer2
00008018     200 (00008000)     _MW_adcInitFlag
0000801c     200 (00008000)     _BI_MPPT_B
00008020     200 (00008000)     _BI_MPPT_DW
00008026     200 (00008000)     _BI_MPPT_P
00008034     200 (00008000)     ___TI_enable_exit_profile_output
00008036     200 (00008000)     ___TI_cleanup_ptr
00008038     200 (00008000)     ___TI_dtors_ptr
0000803a     200 (00008000)     _IsrOverrun
0000803c     200 (00008000)     _stopRequested
0000803d     200 (00008000)     _runModel
0000803e     200 (00008000)     __lock

00008040     201 (00008040)     __unlock
00008042     201 (00008040)     _GPIO_oneTimeInit
00008043     201 (00008040)     _MW_InterruptDisableLock

003d7fff    f5ff (003d7fc0)     _PartIdRegs

003f0a96    fc2a (003f0a80)     _PieVectTableInit

003f0b96    fc2e (003f0b80)     _BI_MPPT_M

003f7ff8    fdff (003f7fc0)     _CsmPwl


GLOBAL SYMBOLS: SORTED ALPHABETICALLY BY Name 

page  address   name                            
----  -------   ----                            
0     00008000  .bss                            
0     00008000  .data                           
0     003f001f  .text                           
0     003f08fe  C$$EXIT                         
0     003f0601  FS$$ADD                         
0     003f0a13  FS$$CMP                         
0     003f0744  FS$$MPY                         
0     003f05fc  FS$$SUB                         
0     003f0927  FS$$TOL                         
0     003f09c2  FS$$TOU                         
0     003f0a62  U$$TOFS                         
0     003f0a3e  UL$$TOFS                        
0     003f055c  _ADCINT1_ISR                    
0     003f0561  _ADCINT2_ISR                    
0     003f05ca  _ADCINT3_ISR                    
0     003f05cf  _ADCINT4_ISR                    
0     003f05d4  _ADCINT5_ISR                    
0     003f05d9  _ADCINT6_ISR                    
0     003f05de  _ADCINT7_ISR                    
0     003f05e3  _ADCINT8_ISR                    
0     003f0570  _ADCINT9_ISR                    
0     003f0087  _AdcChanSelect                  
0     003f00fc  _AdcConversion                  
0     003f0060  _AdcOffsetSelfCal               
1     00007100  _AdcRegs                        
1     00000b00  _AdcResult                      
0     0000801c  _BI_MPPT_B                      
0     00008020  _BI_MPPT_DW                     
0     003f0b96  _BI_MPPT_M                      
0     00008026  _BI_MPPT_P                      
0     003f0343  _BI_MPPT_initialize             
0     003f024d  _BI_MPPT_step                   
0     003f03c2  _BI_MPPT_terminate              
1     00006400  _Comp1Regs                      
1     00006420  _Comp2Regs                      
0     003f06b5  _ConfigCpuTimer                 
0     00008000  _CpuTimer0                      
1     00000c00  _CpuTimer0Regs                  
0     00008008  _CpuTimer1                      
1     00000c08  _CpuTimer1Regs                  
0     00008010  _CpuTimer2                      
1     00000c10  _CpuTimer2Regs                  
1     003f7ff8  _CsmPwl                         
1     00000ae0  _CsmRegs                        
0     003f0476  _CsmUnlock                      
0     003f0507  _DATALOG_ISR                    
0     0000805f  _DSP28x_usDelay                 
1     00000880  _DevEmuRegs                     
0     003f03e7  _DisableDog                     
0     003f05a7  _ECAP1_INT_ISR                  
1     00006a00  _ECap1Regs                      
0     003f05ed  _EMPTY_ISR                      
0     003f0511  _EMUINT_ISR                     
0     003f0593  _EPWM1_INT_ISR                  
0     003f057f  _EPWM1_TZINT_ISR                
0     003f0598  _EPWM2_INT_ISR                  
0     003f0584  _EPWM2_TZINT_ISR                
0     003f059d  _EPWM3_INT_ISR                  
0     003f0589  _EPWM3_TZINT_ISR                
0     003f05a2  _EPWM4_INT_ISR                  
0     003f058e  _EPWM4_TZINT_ISR                
1     00006800  _EPwm1Regs                      
1     00006840  _EPwm2Regs                      
1     00006880  _EPwm3Regs                      
1     000068c0  _EPwm4Regs                      
1     00000d01  _EmuBMode                       
1     00000d00  _EmuKey                         
0     003f096f  _EnableInterrupts               
0     003f04e7  _ExtOscSel                      
1     00000a80  _FlashRegs                      
1     00000d04  _Flash_CPUScaleFactor           
1     00000d02  _Flash_CallbackPtr              
0     00008042  _GPIO_oneTimeInit               
1     00006f80  _GpioCtrlRegs                   
1     00006fc0  _GpioDataRegs                   
1     00006fe0  _GpioIntRegs                    
0     003f05b6  _I2CINT1A_ISR                   
0     003f05bb  _I2CINT2A_ISR                   
1     00007900  _I2caRegs                       
0     003f051b  _ILLEGAL_ISR                    
0     003f04fd  _INT13_ISR                      
0     003f0502  _INT14_ISR                      
0     003f001f  _InitAdc                        
0     003f003e  _InitAdcAio                     
0     003f0674  _InitCpuTimers                  
0     00008044  _InitFlash                      
0     003f0444  _InitPeripheralClocks           
0     003f0950  _InitPieCtrl                    
0     003f0978  _InitPieVectTable               
0     003f03ef  _InitPll                        
0     003f03c3  _InitSysCtrl                    
0     003f04a7  _IntOsc1Sel                     
0     003f04b7  _IntOsc2Sel                     
0     0000803a  _IsrOverrun                     
0     00008043  _MW_InterruptDisableLock        
0     00008018  _MW_adcInitFlag                 
0     003f0516  _NMI_ISR                        
1     00007060  _NmiIntruptRegs                 
0     003f05f2  _PIE_RESERVED                   
1     003d7fff  _PartIdRegs                     
1     00000ce0  _PieCtrlRegs                    
1     00000d00  _PieVectTable                   
0     003f0a96  _PieVectTableInit               
0     003f050c  _RTOSINT_ISR                    
0     003f001f  _RamfuncsLoadEnd                
0     003f0000  _RamfuncsLoadStart              
0     00008044  _RamfuncsRunStart               
0     003f05c0  _SCIRXINTA_ISR                  
0     003f05c5  _SCITXINTA_ISR                  
0     003f05ac  _SPIRXINTA_ISR                  
0     003f05b1  _SPITXINTA_ISR                  
1     00007050  _SciaRegs                       
0     003f03dd  _ServiceDog                     
1     00007040  _SpiaRegs                       
1     00007010  _SysCtrlRegs                    
1     00000985  _SysPwrCtrlRegs                 
0     003f0575  _TINT0_ISR                      
0     003f08d3  _TINT0_isr                      
0     003f054d  _USER10_ISR                     
0     003f0552  _USER11_ISR                     
0     003f0557  _USER12_ISR                     
0     003f0520  _USER1_ISR                      
0     003f0525  _USER2_ISR                      
0     003f052a  _USER3_ISR                      
0     003f052f  _USER4_ISR                      
0     003f0534  _USER5_ISR                      
0     003f0539  _USER6_ISR                      
0     003f053e  _USER7_ISR                      
0     003f0543  _USER8_ISR                      
0     003f0548  _USER9_ISR                      
0     003f057a  _WAKEINT_ISR                    
0     003f0566  _XINT1_ISR                      
0     003f056b  _XINT2_ISR                      
0     003f05e8  _XINT3_ISR                      
1     00007070  _XIntruptRegs                   
0     003f04cb  _XtalOscSel                     
1     00000302  __STACK_END                     
abs   00000300  __STACK_SIZE                    
0     00008036  ___TI_cleanup_ptr               
0     00008038  ___TI_dtors_ptr                 
0     00008034  ___TI_enable_exit_profile_output
abs   ffffffff  ___TI_pprof_out_hndl            
abs   ffffffff  ___TI_prof_data_size            
abs   ffffffff  ___TI_prof_data_start           
abs   ffffffff  ___binit__                      
0     00008000  ___bss__                        
abs   ffffffff  ___c_args__                     
0     003f0b98  ___cinit__                      
0     00008000  ___data__                       
0     00008000  ___edata__                      
0     00008000  ___end__                        
0     003f0a95  ___etext__                      
abs   ffffffff  ___pinit__                      
0     003f001f  ___text__                       
0     003f0a51  __args_main                     
0     0000803e  __lock                          
0     003f0a89  __nop                           
0     003f0a85  __register_lock                 
0     003f0a81  __register_unlock               
1     00000002  __stack                         
0     003f0a94  __system_post_cinit             
0     003f0a92  __system_pre_init               
0     00008040  __unlock                        
0     003f08fe  _abort                          
0     003f0a72  _c2000_flash_init               
0     003f07f6  _c_int00                        
0     003f07ca  _config_ADC_SOC1                
0     003f079e  _config_ADC_SOC2                
0     003f0a12  _config_ePWMSyncSource          
0     003f09fc  _config_ePWM_GPIO               
0     003f0a0a  _config_ePWM_TBSync             
0     003f084a  _configureTimer0                
0     003f099e  _copy_in                        
0     003f0876  _disableTimer0Interrupt         
0     003f086e  _enableTimer0Interrupt          
0     003f0900  _exit                           
0     003f0a36  _globalInterruptDisable         
0     003f0a2a  _globalInterruptEnable          
0     003f0897  _init_board                     
0     003f06fb  _main                           
0     003f09df  _memcpy                         
0     003f088c  _restoreTimer0Interrupt         
0     003f05f7  _rsvd_ISR                       
0     003f06e7  _rt_OneStep                     
0     0000803d  _runModel                       
0     0000803c  _stopRequested                  
abs   ffffffff  binit                           
0     003f0b98  cinit                           
0     003f7ff6  code_start                      
0     00008000  edata                           
0     00008000  end                             
0     003f0a95  etext                           
abs   ffffffff  pinit                           


GLOBAL SYMBOLS: SORTED BY Symbol Address 

page  address   name                            
----  -------   ----                            
0     00008000  .bss                            
0     00008000  .data                           
0     00008000  _CpuTimer0                      
0     00008000  ___bss__                        
0     00008000  ___data__                       
0     00008000  ___edata__                      
0     00008000  ___end__                        
0     00008000  edata                           
0     00008000  end                             
0     00008008  _CpuTimer1                      
0     00008010  _CpuTimer2                      
0     00008018  _MW_adcInitFlag                 
0     0000801c  _BI_MPPT_B                      
0     00008020  _BI_MPPT_DW                     
0     00008026  _BI_MPPT_P                      
0     00008034  ___TI_enable_exit_profile_output
0     00008036  ___TI_cleanup_ptr               
0     00008038  ___TI_dtors_ptr                 
0     0000803a  _IsrOverrun                     
0     0000803c  _stopRequested                  
0     0000803d  _runModel                       
0     0000803e  __lock                          
0     00008040  __unlock                        
0     00008042  _GPIO_oneTimeInit               
0     00008043  _MW_InterruptDisableLock        
0     00008044  _InitFlash                      
0     00008044  _RamfuncsRunStart               
0     0000805f  _DSP28x_usDelay                 
0     003f0000  _RamfuncsLoadStart              
0     003f001f  .text                           
0     003f001f  _InitAdc                        
0     003f001f  _RamfuncsLoadEnd                
0     003f001f  ___text__                       
0     003f003e  _InitAdcAio                     
0     003f0060  _AdcOffsetSelfCal               
0     003f0087  _AdcChanSelect                  
0     003f00fc  _AdcConversion                  
0     003f024d  _BI_MPPT_step                   
0     003f0343  _BI_MPPT_initialize             
0     003f03c2  _BI_MPPT_terminate              
0     003f03c3  _InitSysCtrl                    
0     003f03dd  _ServiceDog                     
0     003f03e7  _DisableDog                     
0     003f03ef  _InitPll                        
0     003f0444  _InitPeripheralClocks           
0     003f0476  _CsmUnlock                      
0     003f04a7  _IntOsc1Sel                     
0     003f04b7  _IntOsc2Sel                     
0     003f04cb  _XtalOscSel                     
0     003f04e7  _ExtOscSel                      
0     003f04fd  _INT13_ISR                      
0     003f0502  _INT14_ISR                      
0     003f0507  _DATALOG_ISR                    
0     003f050c  _RTOSINT_ISR                    
0     003f0511  _EMUINT_ISR                     
0     003f0516  _NMI_ISR                        
0     003f051b  _ILLEGAL_ISR                    
0     003f0520  _USER1_ISR                      
0     003f0525  _USER2_ISR                      
0     003f052a  _USER3_ISR                      
0     003f052f  _USER4_ISR                      
0     003f0534  _USER5_ISR                      
0     003f0539  _USER6_ISR                      
0     003f053e  _USER7_ISR                      
0     003f0543  _USER8_ISR                      
0     003f0548  _USER9_ISR                      
0     003f054d  _USER10_ISR                     
0     003f0552  _USER11_ISR                     
0     003f0557  _USER12_ISR                     
0     003f055c  _ADCINT1_ISR                    
0     003f0561  _ADCINT2_ISR                    
0     003f0566  _XINT1_ISR                      
0     003f056b  _XINT2_ISR                      
0     003f0570  _ADCINT9_ISR                    
0     003f0575  _TINT0_ISR                      
0     003f057a  _WAKEINT_ISR                    
0     003f057f  _EPWM1_TZINT_ISR                
0     003f0584  _EPWM2_TZINT_ISR                
0     003f0589  _EPWM3_TZINT_ISR                
0     003f058e  _EPWM4_TZINT_ISR                
0     003f0593  _EPWM1_INT_ISR                  
0     003f0598  _EPWM2_INT_ISR                  
0     003f059d  _EPWM3_INT_ISR                  
0     003f05a2  _EPWM4_INT_ISR                  
0     003f05a7  _ECAP1_INT_ISR                  
0     003f05ac  _SPIRXINTA_ISR                  
0     003f05b1  _SPITXINTA_ISR                  
0     003f05b6  _I2CINT1A_ISR                   
0     003f05bb  _I2CINT2A_ISR                   
0     003f05c0  _SCIRXINTA_ISR                  
0     003f05c5  _SCITXINTA_ISR                  
0     003f05ca  _ADCINT3_ISR                    
0     003f05cf  _ADCINT4_ISR                    
0     003f05d4  _ADCINT5_ISR                    
0     003f05d9  _ADCINT6_ISR                    
0     003f05de  _ADCINT7_ISR                    
0     003f05e3  _ADCINT8_ISR                    
0     003f05e8  _XINT3_ISR                      
0     003f05ed  _EMPTY_ISR                      
0     003f05f2  _PIE_RESERVED                   
0     003f05f7  _rsvd_ISR                       
0     003f05fc  FS$$SUB                         
0     003f0601  FS$$ADD                         
0     003f0674  _InitCpuTimers                  
0     003f06b5  _ConfigCpuTimer                 
0     003f06e7  _rt_OneStep                     
0     003f06fb  _main                           
0     003f0744  FS$$MPY                         
0     003f079e  _config_ADC_SOC2                
0     003f07ca  _config_ADC_SOC1                
0     003f07f6  _c_int00                        
0     003f084a  _configureTimer0                
0     003f086e  _enableTimer0Interrupt          
0     003f0876  _disableTimer0Interrupt         
0     003f088c  _restoreTimer0Interrupt         
0     003f0897  _init_board                     
0     003f08d3  _TINT0_isr                      
0     003f08fe  C$$EXIT                         
0     003f08fe  _abort                          
0     003f0900  _exit                           
0     003f0927  FS$$TOL                         
0     003f0950  _InitPieCtrl                    
0     003f096f  _EnableInterrupts               
0     003f0978  _InitPieVectTable               
0     003f099e  _copy_in                        
0     003f09c2  FS$$TOU                         
0     003f09df  _memcpy                         
0     003f09fc  _config_ePWM_GPIO               
0     003f0a0a  _config_ePWM_TBSync             
0     003f0a12  _config_ePWMSyncSource          
0     003f0a13  FS$$CMP                         
0     003f0a2a  _globalInterruptEnable          
0     003f0a36  _globalInterruptDisable         
0     003f0a3e  UL$$TOFS                        
0     003f0a51  __args_main                     
0     003f0a62  U$$TOFS                         
0     003f0a72  _c2000_flash_init               
0     003f0a81  __register_unlock               
0     003f0a85  __register_lock                 
0     003f0a89  __nop                           
0     003f0a92  __system_pre_init               
0     003f0a94  __system_post_cinit             
0     003f0a95  ___etext__                      
0     003f0a95  etext                           
0     003f0a96  _PieVectTableInit               
0     003f0b96  _BI_MPPT_M                      
0     003f0b98  ___cinit__                      
0     003f0b98  cinit                           
0     003f7ff6  code_start                      
1     00000002  __stack                         
1     00000302  __STACK_END                     
1     00000880  _DevEmuRegs                     
1     00000985  _SysPwrCtrlRegs                 
1     00000a80  _FlashRegs                      
1     00000ae0  _CsmRegs                        
1     00000b00  _AdcResult                      
1     00000c00  _CpuTimer0Regs                  
1     00000c08  _CpuTimer1Regs                  
1     00000c10  _CpuTimer2Regs                  
1     00000ce0  _PieCtrlRegs                    
1     00000d00  _EmuKey                         
1     00000d00  _PieVectTable                   
1     00000d01  _EmuBMode                       
1     00000d02  _Flash_CallbackPtr              
1     00000d04  _Flash_CPUScaleFactor           
1     00006400  _Comp1Regs                      
1     00006420  _Comp2Regs                      
1     00006800  _EPwm1Regs                      
1     00006840  _EPwm2Regs                      
1     00006880  _EPwm3Regs                      
1     000068c0  _EPwm4Regs                      
1     00006a00  _ECap1Regs                      
1     00006f80  _GpioCtrlRegs                   
1     00006fc0  _GpioDataRegs                   
1     00006fe0  _GpioIntRegs                    
1     00007010  _SysCtrlRegs                    
1     00007040  _SpiaRegs                       
1     00007050  _SciaRegs                       
1     00007060  _NmiIntruptRegs                 
1     00007070  _XIntruptRegs                   
1     00007100  _AdcRegs                        
1     00007900  _I2caRegs                       
1     003d7fff  _PartIdRegs                     
1     003f7ff8  _CsmPwl                         
abs   00000300  __STACK_SIZE                    
abs   ffffffff  ___TI_pprof_out_hndl            
abs   ffffffff  ___TI_prof_data_size            
abs   ffffffff  ___TI_prof_data_start           
abs   ffffffff  ___binit__                      
abs   ffffffff  ___c_args__                     
abs   ffffffff  ___pinit__                      
abs   ffffffff  binit                           
abs   ffffffff  pinit                           

[193 symbols]
