******************************************************************************
             TMS320C2000 Linker PC v20.2.1                     
******************************************************************************
>> Linked Wed Jan 10 14:53:15 2024

OUTPUT FILE NAME:   <../BI_BIDIRECTIONAL.out>
ENTRY POINT SYMBOL: "_c_int00"  address: 003f0767


MEMORY CONFIGURATION

         name            origin    length      used     unused   attr    fill
----------------------  --------  ---------  --------  --------  ----  --------
PAGE 0:
  BEGINRAM              00000000   00000002  00000000  00000002  RWIX
  PRAML0                00008000   00001000  00000067  00000f99  RWIX
  OTP                   003d7800   00000400  00000000  00000400  RWIX
  FLASH                 003f0000   00007ff6  00000b7c  0000747a  RWIX
  BEGINFLASH            003f7ff6   00000002  00000002  00000000  RWIX
  CSM_PWL               003f7ff8   00000008  00000000  00000008  RWIX
  IQTABLES              003fe000   00000b50  00000000  00000b50  RWIX
  IQTABLES2             003feb50   0000008c  00000000  0000008c  RWIX
  IQTABLES3             003febdc   000000aa  00000000  000000aa  RWIX
  BOOTROM               003ff27c   00000d44  00000000  00000d44  RWIX
  RESET                 003fffc0   00000002  00000000  00000002  RWIX
  VECTORS               003fffc2   0000003e  00000000  0000003e  RWIX

PAGE 1:
  RAMM0M1               00000002   000007fe  00000300  000004fe  RWIX
  DEV_EMU               00000880   00000105  00000004  00000101  RWIX
  SYS_PWR_CTL           00000985   00000003  00000003  00000000  RWIX
  FLASH_REGS            00000a80   00000060  00000008  00000058  RWIX
  CSM                   00000ae0   00000010  00000010  00000000  RWIX
  ADC_RESULT            00000b00   00000020  00000020  00000000  RWIX
  CPU_TIMER0            00000c00   00000008  00000008  00000000  RWIX
  CPU_TIMER1            00000c08   00000008  00000008  00000000  RWIX
  CPU_TIMER2            00000c10   00000008  00000008  00000000  RWIX
  PIE_CTRL              00000ce0   00000020  0000001a  00000006  RWIX
  PIE_VECT              00000d00   00000100  00000100  00000000  RWIX
  COMP1                 00006400   00000020  00000011  0000000f  RWIX
  COMP2                 00006420   00000020  00000011  0000000f  RWIX
  EPWM1                 00006800   00000040  00000040  00000000  RWIX
  EPWM2                 00006840   00000040  00000040  00000000  RWIX
  EPWM3                 00006880   00000040  00000040  00000000  RWIX
  EPWM4                 000068c0   00000040  00000040  00000000  RWIX
  ECAP1                 00006a00   00000020  00000020  00000000  RWIX
  GPIOCTRL              00006f80   00000040  00000040  00000000  RWIX
  GPIODAT               00006fc0   00000020  00000020  00000000  RWIX
  GPIOINT               00006fe0   00000020  0000000a  00000016  RWIX
  SYSTEM                00007010   00000020  0000001f  00000001  RWIX
  SPIA                  00007040   00000010  00000010  00000000  RWIX
  SCIA                  00007050   00000010  00000010  00000000  RWIX
  NMIINTRUPT            00007060   00000010  00000010  00000000  RWIX
  XINTRUPT              00007070   00000010  00000010  00000000  RWIX
  ADC                   00007100   00000080  00000051  0000002f  RWIX
  I2CA                  00007900   00000040  00000022  0000001e  RWIX
  PARTID                003d7fff   00000001  00000001  00000000  RWIX
  CSM_PWL               003f7ff8   00000008  00000008  00000000  RWIX


SECTION ALLOCATION MAP

 output                                  attributes/
section   page    origin      length       input sections
--------  ----  ----------  ----------   ----------------
DevEmuRegsFile 
*          1    00000880    00000004     UNINITIALIZED
                  00000880    00000004     F2802x_GlobalVariableDefs.obj (DevEmuRegsFile)

SysPwrCtrlRegsFile 
*          1    00000985    00000003     UNINITIALIZED
                  00000985    00000003     F2802x_GlobalVariableDefs.obj (SysPwrCtrlRegsFile)

FlashRegsFile 
*          1    00000a80    00000008     UNINITIALIZED
                  00000a80    00000008     F2802x_GlobalVariableDefs.obj (FlashRegsFile)

CsmRegsFile 
*          1    00000ae0    00000010     UNINITIALIZED
                  00000ae0    00000010     F2802x_GlobalVariableDefs.obj (CsmRegsFile)

AdcResultFile 
*          1    00000b00    00000020     UNINITIALIZED
                  00000b00    00000020     F2802x_GlobalVariableDefs.obj (AdcResultFile)

CpuTimer0RegsFile 
*          1    00000c00    00000008     UNINITIALIZED
                  00000c00    00000008     F2802x_GlobalVariableDefs.obj (CpuTimer0RegsFile)

CpuTimer1RegsFile 
*          1    00000c08    00000008     UNINITIALIZED
                  00000c08    00000008     F2802x_GlobalVariableDefs.obj (CpuTimer1RegsFile)

CpuTimer2RegsFile 
*          1    00000c10    00000008     UNINITIALIZED
                  00000c10    00000008     F2802x_GlobalVariableDefs.obj (CpuTimer2RegsFile)

PieCtrlRegsFile 
*          1    00000ce0    0000001a     UNINITIALIZED
                  00000ce0    0000001a     F2802x_GlobalVariableDefs.obj (PieCtrlRegsFile)

PieVectTableFile 
*          1    00000d00    00000100     UNINITIALIZED
                  00000d00    00000100     F2802x_GlobalVariableDefs.obj (PieVectTableFile)

EmuKeyVar 
*          1    00000d00    00000001     UNINITIALIZED
                  00000d00    00000001     F2802x_GlobalVariableDefs.obj (EmuKeyVar)

EmuBModeVar 
*          1    00000d01    00000001     UNINITIALIZED
                  00000d01    00000001     F2802x_GlobalVariableDefs.obj (EmuBModeVar)

FlashCallbackVar 
*          1    00000d02    00000002     UNINITIALIZED
                  00000d02    00000002     F2802x_GlobalVariableDefs.obj (FlashCallbackVar)

FlashScalingVar 
*          1    00000d04    00000002     UNINITIALIZED
                  00000d04    00000002     F2802x_GlobalVariableDefs.obj (FlashScalingVar)

Comp1RegsFile 
*          1    00006400    00000011     UNINITIALIZED
                  00006400    00000011     F2802x_GlobalVariableDefs.obj (Comp1RegsFile)

Comp2RegsFile 
*          1    00006420    00000011     UNINITIALIZED
                  00006420    00000011     F2802x_GlobalVariableDefs.obj (Comp2RegsFile)

EPwm1RegsFile 
*          1    00006800    00000040     UNINITIALIZED
                  00006800    00000040     F2802x_GlobalVariableDefs.obj (EPwm1RegsFile)

EPwm2RegsFile 
*          1    00006840    00000040     UNINITIALIZED
                  00006840    00000040     F2802x_GlobalVariableDefs.obj (EPwm2RegsFile)

EPwm3RegsFile 
*          1    00006880    00000040     UNINITIALIZED
                  00006880    00000040     F2802x_GlobalVariableDefs.obj (EPwm3RegsFile)

EPwm4RegsFile 
*          1    000068c0    00000040     UNINITIALIZED
                  000068c0    00000040     F2802x_GlobalVariableDefs.obj (EPwm4RegsFile)

ECap1RegsFile 
*          1    00006a00    00000020     UNINITIALIZED
                  00006a00    00000020     F2802x_GlobalVariableDefs.obj (ECap1RegsFile)

GpioCtrlRegsFile 
*          1    00006f80    00000040     UNINITIALIZED
                  00006f80    00000040     F2802x_GlobalVariableDefs.obj (GpioCtrlRegsFile)

GpioDataRegsFile 
*          1    00006fc0    00000020     UNINITIALIZED
                  00006fc0    00000020     F2802x_GlobalVariableDefs.obj (GpioDataRegsFile)

GpioIntRegsFile 
*          1    00006fe0    0000000a     UNINITIALIZED
                  00006fe0    0000000a     F2802x_GlobalVariableDefs.obj (GpioIntRegsFile)

SysCtrlRegsFile 
*          1    00007010    0000001f     UNINITIALIZED
                  00007010    0000001f     F2802x_GlobalVariableDefs.obj (SysCtrlRegsFile)

SpiaRegsFile 
*          1    00007040    00000010     UNINITIALIZED
                  00007040    00000010     F2802x_GlobalVariableDefs.obj (SpiaRegsFile)

SciaRegsFile 
*          1    00007050    00000010     UNINITIALIZED
                  00007050    00000010     F2802x_GlobalVariableDefs.obj (SciaRegsFile)

NmiIntruptRegsFile 
*          1    00007060    00000010     UNINITIALIZED
                  00007060    00000010     F2802x_GlobalVariableDefs.obj (NmiIntruptRegsFile)

XIntruptRegsFile 
*          1    00007070    00000010     UNINITIALIZED
                  00007070    00000010     F2802x_GlobalVariableDefs.obj (XIntruptRegsFile)

AdcRegsFile 
*          1    00007100    00000051     UNINITIALIZED
                  00007100    00000051     F2802x_GlobalVariableDefs.obj (AdcRegsFile)

I2caRegsFile 
*          1    00007900    00000022     UNINITIALIZED
                  00007900    00000022     F2802x_GlobalVariableDefs.obj (I2caRegsFile)

PartIdRegsFile 
*          1    003d7fff    00000001     UNINITIALIZED
                  003d7fff    00000001     F2802x_GlobalVariableDefs.obj (PartIdRegsFile)

CsmPwlFile 
*          1    003f7ff8    00000008     UNINITIALIZED
                  003f7ff8    00000008     F2802x_GlobalVariableDefs.obj (CsmPwlFile)

.text      0    003f001f    00000a12     
                  003f001f    0000022e     f2802x_adc.obj (.text)
                  003f024d    0000013d     BI_BIDIRECTIONAL.obj (.text)
                  003f038a    0000013a     f2802x_sysctrl.obj (.text)
                  003f04c4    000000ff     f2802x_defaultisr.obj (.text:retain)
                  003f05c3    00000078     rts2800_ml.lib : fs_add28.asm.obj (.text)
                  003f063b    00000073     f2802x_cputimers.obj (.text)
                  003f06ae    0000005f     ert_main.obj (.text)
                  003f070d    0000005a     rts2800_ml.lib : fs_mpy28.asm.obj (.text)
                  003f0767    00000054                    : boot28.asm.obj (.text)
                  003f07bb    0000004d     c2802xSchedulerTimer0.obj (.text)
                  003f0808    0000003c     MW_c28xx_board.obj (.text)
                  003f0844    0000002b     MW_c28xx_adc.obj (.text)
                  003f086f    0000002b     c2802xSchedulerTimer0.obj (.text:retain)
                  003f089a    00000029     rts2800_ml.lib : exit.c.obj (.text)
                  003f08c3    00000029                    : fs_tol28.asm.obj (.text)
                  003f08ec    00000028     f2802x_piectrl.obj (.text)
                  003f0914    00000026     f2802x_pievect.obj (.text)
                  003f093a    00000024     rts2800_ml.lib : cpy_tbl.c.obj (.text)
                  003f095e    0000001d                    : fs_tou28.asm.obj (.text)
                  003f097b    0000001d                    : memcpy.c.obj (.text)
                  003f0998    00000017     MW_c28xx_pwm.obj (.text)
                  003f09af    00000017     rts2800_ml.lib : fs_cmp28.asm.obj (.text)
                  003f09c6    00000014     MW_c28xGlobalInterrupts.obj (.text)
                  003f09da    00000013     rts2800_ml.lib : ul_tofs28.asm.obj (.text)
                  003f09ed    00000011                    : args_main.c.obj (.text)
                  003f09fe    00000010                    : u_tofs28.asm.obj (.text)
                  003f0a0e    0000000f     c2802xBoard_Realtime_Support.obj (.text)
                  003f0a1d    00000009     rts2800_ml.lib : _lock.c.obj (.text)
                  003f0a26    00000008     f2802x_codestartbranch.obj (.text)
                  003f0a2e    00000002     rts2800_ml.lib : pre_init.c.obj (.text)
                  003f0a30    00000001                    : startup.c.obj (.text)

.bss       0    00008000    00000000     UNINITIALIZED

.ebss      0    00008000    00000048     UNINITIALIZED
                  00008000    00000018     BI_BIDIRECTIONAL_data.obj (.ebss)
                  00008018    00000018     f2802x_cputimers.obj (.ebss)
                  00008030    00000008     BI_BIDIRECTIONAL.obj (.ebss)
                  00008038    00000006     rts2800_ml.lib : exit.c.obj (.ebss)
                  0000803e    00000002                    : _lock.c.obj (.ebss:__lock)
                  00008040    00000004     ert_main.obj (.ebss)
                  00008044    00000002     rts2800_ml.lib : _lock.c.obj (.ebss:__unlock)
                  00008046    00000001     MW_c28xGPIO.obj (.ebss)
                  00008047    00000001     MW_c28xGlobalInterrupts.obj (.ebss)

.cinit     0    003f0b34    00000049     
                  003f0b34    0000001b     BI_BIDIRECTIONAL_data.obj (.cinit)
                  003f0b4f    0000000e     rts2800_ml.lib : exit.c.obj (.cinit)
                  003f0b5d    00000008     ert_main.obj (.cinit)
                  003f0b65    00000005     rts2800_ml.lib : _lock.c.obj (.cinit:__lock)
                  003f0b6a    00000005                    : _lock.c.obj (.cinit:__unlock)
                  003f0b6f    00000004     BI_BIDIRECTIONAL.obj (.cinit)
                  003f0b73    00000004     MW_c28xGPIO.obj (.cinit)
                  003f0b77    00000004     MW_c28xGlobalInterrupts.obj (.cinit)
                  003f0b7b    00000002     --HOLE-- [fill = 0]

.pinit     0    003f0000    00000000     UNINITIALIZED

.econst    0    003f0a32    00000102     
                  003f0a32    00000100     f2802x_pievect.obj (.econst:_PieVectTableInit)
                  003f0b32    00000002     BI_BIDIRECTIONAL.obj (.econst)

.reset     0    003fffc0    00000002     DSECT
                  003fffc0    00000002     rts2800_ml.lib : boot28.asm.obj (.reset)

.data      0    00008000    00000000     UNINITIALIZED

.stack     1    00000002    00000300     UNINITIALIZED
                  00000002    00000300     --HOLE--

codestart 
*          0    003f7ff6    00000002     
                  003f7ff6    00000002     f2802x_codestartbranch.obj (codestart)

ramfuncs   0    003f0000    0000001f     RUN ADDR = 00008048
                  003f0000    0000001b     f2802x_sysctrl.obj (ramfuncs)
                  003f001b    00000004     f2802x_usdelay.obj (ramfuncs)

MODULE SUMMARY

       Module                             code   initialized data   uninitialized data
       ------                             ----   ----------------   ------------------
    <current directory>
       F2802x_GlobalVariableDefs.obj      0      0                  1022              
       f2802x_adc.obj                     558    0                  0                 
       f2802x_sysctrl.obj                 368    0                  0                 
       BI_BIDIRECTIONAL.obj               317    6                  8                 
       f2802x_pievect.obj                 38     256                0                 
       f2802x_defaultisr.obj              255    0                  0                 
       f2802x_cputimers.obj               115    0                  24                
       c2802xSchedulerTimer0.obj          120    0                  0                 
       ert_main.obj                       95     8                  4                 
       MW_c28xx_board.obj                 60     0                  0                 
       BI_BIDIRECTIONAL_data.obj          0      27                 24                
       MW_c28xx_adc.obj                   43     0                  0                 
       f2802x_piectrl.obj                 40     0                  0                 
       MW_c28xGlobalInterrupts.obj        20     4                  1                 
       MW_c28xx_pwm.obj                   23     0                  0                 
       c2802xBoard_Realtime_Support.obj   15     0                  0                 
       f2802x_codestartbranch.obj         10     0                  0                 
       f2802x_usdelay.obj                 8      0                  0                 
       MW_c28xGPIO.obj                    0      4                  1                 
    +--+----------------------------------+------+------------------+--------------------+
       Total:                             2085   305                1084              
                                                                                      
    C:/PROGRA~3/MATLAB/tic2000/3P778C~1.INS/TIC28X~1.INS/TI-CGT~1.LTS/lib/rts2800_ml.lib
       fs_add28.asm.obj                   120    0                  0                 
       fs_mpy28.asm.obj                   90     0                  0                 
       boot28.asm.obj                     84     0                  0                 
       exit.c.obj                         41     14                 6                 
       fs_tol28.asm.obj                   41     0                  0                 
       cpy_tbl.c.obj                      36     0                  0                 
       fs_tou28.asm.obj                   29     0                  0                 
       memcpy.c.obj                       29     0                  0                 
       _lock.c.obj                        9      10                 4                 
       fs_cmp28.asm.obj                   23     0                  0                 
       ul_tofs28.asm.obj                  19     0                  0                 
       args_main.c.obj                    17     0                  0                 
       u_tofs28.asm.obj                   16     0                  0                 
       pre_init.c.obj                     2      0                  0                 
       startup.c.obj                      1      0                  0                 
    +--+----------------------------------+------+------------------+--------------------+
       Total:                             557    24                 10                
                                                                                      
       Stack:                             0      0                  768               
    +--+----------------------------------+------+------------------+--------------------+
       Grand Total:                       2642   329                1862              


GLOBAL DATA SYMBOLS: SORTED BY DATA PAGE

address     data page           name
--------    ----------------    ----
00000002       0 (00000000)     __stack

00000880      22 (00000880)     _DevEmuRegs

00000985      26 (00000980)     _SysPwrCtrlRegs

00000a80      2a (00000a80)     _FlashRegs

00000ae0      2b (00000ac0)     _CsmRegs

00000b00      2c (00000b00)     _AdcResult

00000c00      30 (00000c00)     _CpuTimer0Regs
00000c08      30 (00000c00)     _CpuTimer1Regs
00000c10      30 (00000c00)     _CpuTimer2Regs

00000ce0      33 (00000cc0)     _PieCtrlRegs

00000d00      34 (00000d00)     _EmuKey
00000d00      34 (00000d00)     _PieVectTable
00000d01      34 (00000d00)     _EmuBMode
00000d02      34 (00000d00)     _Flash_CallbackPtr
00000d04      34 (00000d00)     _Flash_CPUScaleFactor

00006400     190 (00006400)     _Comp1Regs
00006420     190 (00006400)     _Comp2Regs

00006800     1a0 (00006800)     _EPwm1Regs

00006840     1a1 (00006840)     _EPwm2Regs

00006880     1a2 (00006880)     _EPwm3Regs

000068c0     1a3 (000068c0)     _EPwm4Regs

00006a00     1a8 (00006a00)     _ECap1Regs

00006f80     1be (00006f80)     _GpioCtrlRegs

00006fc0     1bf (00006fc0)     _GpioDataRegs
00006fe0     1bf (00006fc0)     _GpioIntRegs

00007010     1c0 (00007000)     _SysCtrlRegs

00007040     1c1 (00007040)     _SpiaRegs
00007050     1c1 (00007040)     _SciaRegs
00007060     1c1 (00007040)     _NmiIntruptRegs
00007070     1c1 (00007040)     _XIntruptRegs

00007100     1c4 (00007100)     _AdcRegs

00007900     1e4 (00007900)     _I2caRegs

00008000     200 (00008000)     _BI_BIDIRECTIONAL_P
00008018     200 (00008000)     _CpuTimer0
00008020     200 (00008000)     _CpuTimer1
00008028     200 (00008000)     _CpuTimer2
00008030     200 (00008000)     _MW_adcInitFlag
00008032     200 (00008000)     _BI_BIDIRECTIONAL_B
00008034     200 (00008000)     _BI_BIDIRECTIONAL_DW
00008038     200 (00008000)     ___TI_enable_exit_profile_output
0000803a     200 (00008000)     ___TI_cleanup_ptr
0000803c     200 (00008000)     ___TI_dtors_ptr
0000803e     200 (00008000)     __lock

00008040     201 (00008040)     _IsrOverrun
00008042     201 (00008040)     _stopRequested
00008043     201 (00008040)     _runModel
00008044     201 (00008040)     __unlock
00008046     201 (00008040)     _GPIO_oneTimeInit
00008047     201 (00008040)     _MW_InterruptDisableLock

003d7fff    f5ff (003d7fc0)     _PartIdRegs

003f0a32    fc28 (003f0a00)     _PieVectTableInit

003f0b32    fc2c (003f0b00)     _BI_BIDIRECTIONAL_M

003f7ff8    fdff (003f7fc0)     _CsmPwl


GLOBAL SYMBOLS: SORTED ALPHABETICALLY BY Name 

page  address   name                            
----  -------   ----                            
0     00008000  .bss                            
0     00008000  .data                           
0     003f001f  .text                           
0     003f089a  C$$EXIT                         
0     003f05c8  FS$$ADD                         
0     003f09af  FS$$CMP                         
0     003f070d  FS$$MPY                         
0     003f05c3  FS$$SUB                         
0     003f08c3  FS$$TOL                         
0     003f095e  FS$$TOU                         
0     003f09fe  U$$TOFS                         
0     003f09da  UL$$TOFS                        
0     003f0523  _ADCINT1_ISR                    
0     003f0528  _ADCINT2_ISR                    
0     003f0591  _ADCINT3_ISR                    
0     003f0596  _ADCINT4_ISR                    
0     003f059b  _ADCINT5_ISR                    
0     003f05a0  _ADCINT6_ISR                    
0     003f05a5  _ADCINT7_ISR                    
0     003f05aa  _ADCINT8_ISR                    
0     003f0537  _ADCINT9_ISR                    
0     003f0087  _AdcChanSelect                  
0     003f00fc  _AdcConversion                  
0     003f0060  _AdcOffsetSelfCal               
1     00007100  _AdcRegs                        
1     00000b00  _AdcResult                      
0     00008032  _BI_BIDIRECTIONAL_B             
0     00008034  _BI_BIDIRECTIONAL_DW            
0     003f0b32  _BI_BIDIRECTIONAL_M             
0     00008000  _BI_BIDIRECTIONAL_P             
0     003f031d  _BI_BIDIRECTIONAL_initialize    
0     003f024d  _BI_BIDIRECTIONAL_step          
0     003f0389  _BI_BIDIRECTIONAL_terminate     
1     00006400  _Comp1Regs                      
1     00006420  _Comp2Regs                      
0     003f067c  _ConfigCpuTimer                 
0     00008018  _CpuTimer0                      
1     00000c00  _CpuTimer0Regs                  
0     00008020  _CpuTimer1                      
1     00000c08  _CpuTimer1Regs                  
0     00008028  _CpuTimer2                      
1     00000c10  _CpuTimer2Regs                  
1     003f7ff8  _CsmPwl                         
1     00000ae0  _CsmRegs                        
0     003f043d  _CsmUnlock                      
0     003f04ce  _DATALOG_ISR                    
0     00008063  _DSP28x_usDelay                 
1     00000880  _DevEmuRegs                     
0     003f03ae  _DisableDog                     
0     003f056e  _ECAP1_INT_ISR                  
1     00006a00  _ECap1Regs                      
0     003f05b4  _EMPTY_ISR                      
0     003f04d8  _EMUINT_ISR                     
0     003f055a  _EPWM1_INT_ISR                  
0     003f0546  _EPWM1_TZINT_ISR                
0     003f055f  _EPWM2_INT_ISR                  
0     003f054b  _EPWM2_TZINT_ISR                
0     003f0564  _EPWM3_INT_ISR                  
0     003f0550  _EPWM3_TZINT_ISR                
0     003f0569  _EPWM4_INT_ISR                  
0     003f0555  _EPWM4_TZINT_ISR                
1     00006800  _EPwm1Regs                      
1     00006840  _EPwm2Regs                      
1     00006880  _EPwm3Regs                      
1     000068c0  _EPwm4Regs                      
1     00000d01  _EmuBMode                       
1     00000d00  _EmuKey                         
0     003f090b  _EnableInterrupts               
0     003f04ae  _ExtOscSel                      
1     00000a80  _FlashRegs                      
1     00000d04  _Flash_CPUScaleFactor           
1     00000d02  _Flash_CallbackPtr              
0     00008046  _GPIO_oneTimeInit               
1     00006f80  _GpioCtrlRegs                   
1     00006fc0  _GpioDataRegs                   
1     00006fe0  _GpioIntRegs                    
0     003f057d  _I2CINT1A_ISR                   
0     003f0582  _I2CINT2A_ISR                   
1     00007900  _I2caRegs                       
0     003f04e2  _ILLEGAL_ISR                    
0     003f04c4  _INT13_ISR                      
0     003f04c9  _INT14_ISR                      
0     003f001f  _InitAdc                        
0     003f003e  _InitAdcAio                     
0     003f063b  _InitCpuTimers                  
0     00008048  _InitFlash                      
0     003f040b  _InitPeripheralClocks           
0     003f08ec  _InitPieCtrl                    
0     003f0914  _InitPieVectTable               
0     003f03b6  _InitPll                        
0     003f038a  _InitSysCtrl                    
0     003f046e  _IntOsc1Sel                     
0     003f047e  _IntOsc2Sel                     
0     00008040  _IsrOverrun                     
0     00008047  _MW_InterruptDisableLock        
0     00008030  _MW_adcInitFlag                 
0     003f04dd  _NMI_ISR                        
1     00007060  _NmiIntruptRegs                 
0     003f05b9  _PIE_RESERVED                   
1     003d7fff  _PartIdRegs                     
1     00000ce0  _PieCtrlRegs                    
1     00000d00  _PieVectTable                   
0     003f0a32  _PieVectTableInit               
0     003f04d3  _RTOSINT_ISR                    
0     003f001f  _RamfuncsLoadEnd                
0     003f0000  _RamfuncsLoadStart              
0     00008048  _RamfuncsRunStart               
0     003f0587  _SCIRXINTA_ISR                  
0     003f058c  _SCITXINTA_ISR                  
0     003f0573  _SPIRXINTA_ISR                  
0     003f0578  _SPITXINTA_ISR                  
1     00007050  _SciaRegs                       
0     003f03a4  _ServiceDog                     
1     00007040  _SpiaRegs                       
1     00007010  _SysCtrlRegs                    
1     00000985  _SysPwrCtrlRegs                 
0     003f053c  _TINT0_ISR                      
0     003f086f  _TINT0_isr                      
0     003f0514  _USER10_ISR                     
0     003f0519  _USER11_ISR                     
0     003f051e  _USER12_ISR                     
0     003f04e7  _USER1_ISR                      
0     003f04ec  _USER2_ISR                      
0     003f04f1  _USER3_ISR                      
0     003f04f6  _USER4_ISR                      
0     003f04fb  _USER5_ISR                      
0     003f0500  _USER6_ISR                      
0     003f0505  _USER7_ISR                      
0     003f050a  _USER8_ISR                      
0     003f050f  _USER9_ISR                      
0     003f0541  _WAKEINT_ISR                    
0     003f052d  _XINT1_ISR                      
0     003f0532  _XINT2_ISR                      
0     003f05af  _XINT3_ISR                      
1     00007070  _XIntruptRegs                   
0     003f0492  _XtalOscSel                     
1     00000302  __STACK_END                     
abs   00000300  __STACK_SIZE                    
0     0000803a  ___TI_cleanup_ptr               
0     0000803c  ___TI_dtors_ptr                 
0     00008038  ___TI_enable_exit_profile_output
abs   ffffffff  ___TI_pprof_out_hndl            
abs   ffffffff  ___TI_prof_data_size            
abs   ffffffff  ___TI_prof_data_start           
abs   ffffffff  ___binit__                      
0     00008000  ___bss__                        
abs   ffffffff  ___c_args__                     
0     003f0b34  ___cinit__                      
0     00008000  ___data__                       
0     00008000  ___edata__                      
0     00008000  ___end__                        
0     003f0a31  ___etext__                      
abs   ffffffff  ___pinit__                      
0     003f001f  ___text__                       
0     003f09ed  __args_main                     
0     0000803e  __lock                          
0     003f0a25  __nop                           
0     003f0a21  __register_lock                 
0     003f0a1d  __register_unlock               
1     00000002  __stack                         
0     003f0a30  __system_post_cinit             
0     003f0a2e  __system_pre_init               
0     00008044  __unlock                        
0     003f089a  _abort                          
0     003f0a0e  _c2000_flash_init               
0     003f0767  _c_int00                        
0     003f0844  _config_ADC_SOC5                
0     003f09ae  _config_ePWMSyncSource          
0     003f0998  _config_ePWM_GPIO               
0     003f09a6  _config_ePWM_TBSync             
0     003f07bb  _configureTimer0                
0     003f093a  _copy_in                        
0     003f07e7  _disableTimer0Interrupt         
0     003f07df  _enableTimer0Interrupt          
0     003f089c  _exit                           
0     003f09d2  _globalInterruptDisable         
0     003f09c6  _globalInterruptEnable          
0     003f0808  _init_board                     
0     003f06c2  _main                           
0     003f097b  _memcpy                         
0     003f07fd  _restoreTimer0Interrupt         
0     003f05be  _rsvd_ISR                       
0     003f06ae  _rt_OneStep                     
0     00008043  _runModel                       
0     00008042  _stopRequested                  
abs   ffffffff  binit                           
0     003f0b34  cinit                           
0     003f7ff6  code_start                      
0     00008000  edata                           
0     00008000  end                             
0     003f0a31  etext                           
abs   ffffffff  pinit                           


GLOBAL SYMBOLS: SORTED BY Symbol Address 

page  address   name                            
----  -------   ----                            
0     00008000  .bss                            
0     00008000  .data                           
0     00008000  _BI_BIDIRECTIONAL_P             
0     00008000  ___bss__                        
0     00008000  ___data__                       
0     00008000  ___edata__                      
0     00008000  ___end__                        
0     00008000  edata                           
0     00008000  end                             
0     00008018  _CpuTimer0                      
0     00008020  _CpuTimer1                      
0     00008028  _CpuTimer2                      
0     00008030  _MW_adcInitFlag                 
0     00008032  _BI_BIDIRECTIONAL_B             
0     00008034  _BI_BIDIRECTIONAL_DW            
0     00008038  ___TI_enable_exit_profile_output
0     0000803a  ___TI_cleanup_ptr               
0     0000803c  ___TI_dtors_ptr                 
0     0000803e  __lock                          
0     00008040  _IsrOverrun                     
0     00008042  _stopRequested                  
0     00008043  _runModel                       
0     00008044  __unlock                        
0     00008046  _GPIO_oneTimeInit               
0     00008047  _MW_InterruptDisableLock        
0     00008048  _InitFlash                      
0     00008048  _RamfuncsRunStart               
0     00008063  _DSP28x_usDelay                 
0     003f0000  _RamfuncsLoadStart              
0     003f001f  .text                           
0     003f001f  _InitAdc                        
0     003f001f  _RamfuncsLoadEnd                
0     003f001f  ___text__                       
0     003f003e  _InitAdcAio                     
0     003f0060  _AdcOffsetSelfCal               
0     003f0087  _AdcChanSelect                  
0     003f00fc  _AdcConversion                  
0     003f024d  _BI_BIDIRECTIONAL_step          
0     003f031d  _BI_BIDIRECTIONAL_initialize    
0     003f0389  _BI_BIDIRECTIONAL_terminate     
0     003f038a  _InitSysCtrl                    
0     003f03a4  _ServiceDog                     
0     003f03ae  _DisableDog                     
0     003f03b6  _InitPll                        
0     003f040b  _InitPeripheralClocks           
0     003f043d  _CsmUnlock                      
0     003f046e  _IntOsc1Sel                     
0     003f047e  _IntOsc2Sel                     
0     003f0492  _XtalOscSel                     
0     003f04ae  _ExtOscSel                      
0     003f04c4  _INT13_ISR                      
0     003f04c9  _INT14_ISR                      
0     003f04ce  _DATALOG_ISR                    
0     003f04d3  _RTOSINT_ISR                    
0     003f04d8  _EMUINT_ISR                     
0     003f04dd  _NMI_ISR                        
0     003f04e2  _ILLEGAL_ISR                    
0     003f04e7  _USER1_ISR                      
0     003f04ec  _USER2_ISR                      
0     003f04f1  _USER3_ISR                      
0     003f04f6  _USER4_ISR                      
0     003f04fb  _USER5_ISR                      
0     003f0500  _USER6_ISR                      
0     003f0505  _USER7_ISR                      
0     003f050a  _USER8_ISR                      
0     003f050f  _USER9_ISR                      
0     003f0514  _USER10_ISR                     
0     003f0519  _USER11_ISR                     
0     003f051e  _USER12_ISR                     
0     003f0523  _ADCINT1_ISR                    
0     003f0528  _ADCINT2_ISR                    
0     003f052d  _XINT1_ISR                      
0     003f0532  _XINT2_ISR                      
0     003f0537  _ADCINT9_ISR                    
0     003f053c  _TINT0_ISR                      
0     003f0541  _WAKEINT_ISR                    
0     003f0546  _EPWM1_TZINT_ISR                
0     003f054b  _EPWM2_TZINT_ISR                
0     003f0550  _EPWM3_TZINT_ISR                
0     003f0555  _EPWM4_TZINT_ISR                
0     003f055a  _EPWM1_INT_ISR                  
0     003f055f  _EPWM2_INT_ISR                  
0     003f0564  _EPWM3_INT_ISR                  
0     003f0569  _EPWM4_INT_ISR                  
0     003f056e  _ECAP1_INT_ISR                  
0     003f0573  _SPIRXINTA_ISR                  
0     003f0578  _SPITXINTA_ISR                  
0     003f057d  _I2CINT1A_ISR                   
0     003f0582  _I2CINT2A_ISR                   
0     003f0587  _SCIRXINTA_ISR                  
0     003f058c  _SCITXINTA_ISR                  
0     003f0591  _ADCINT3_ISR                    
0     003f0596  _ADCINT4_ISR                    
0     003f059b  _ADCINT5_ISR                    
0     003f05a0  _ADCINT6_ISR                    
0     003f05a5  _ADCINT7_ISR                    
0     003f05aa  _ADCINT8_ISR                    
0     003f05af  _XINT3_ISR                      
0     003f05b4  _EMPTY_ISR                      
0     003f05b9  _PIE_RESERVED                   
0     003f05be  _rsvd_ISR                       
0     003f05c3  FS$$SUB                         
0     003f05c8  FS$$ADD                         
0     003f063b  _InitCpuTimers                  
0     003f067c  _ConfigCpuTimer                 
0     003f06ae  _rt_OneStep                     
0     003f06c2  _main                           
0     003f070d  FS$$MPY                         
0     003f0767  _c_int00                        
0     003f07bb  _configureTimer0                
0     003f07df  _enableTimer0Interrupt          
0     003f07e7  _disableTimer0Interrupt         
0     003f07fd  _restoreTimer0Interrupt         
0     003f0808  _init_board                     
0     003f0844  _config_ADC_SOC5                
0     003f086f  _TINT0_isr                      
0     003f089a  C$$EXIT                         
0     003f089a  _abort                          
0     003f089c  _exit                           
0     003f08c3  FS$$TOL                         
0     003f08ec  _InitPieCtrl                    
0     003f090b  _EnableInterrupts               
0     003f0914  _InitPieVectTable               
0     003f093a  _copy_in                        
0     003f095e  FS$$TOU                         
0     003f097b  _memcpy                         
0     003f0998  _config_ePWM_GPIO               
0     003f09a6  _config_ePWM_TBSync             
0     003f09ae  _config_ePWMSyncSource          
0     003f09af  FS$$CMP                         
0     003f09c6  _globalInterruptEnable          
0     003f09d2  _globalInterruptDisable         
0     003f09da  UL$$TOFS                        
0     003f09ed  __args_main                     
0     003f09fe  U$$TOFS                         
0     003f0a0e  _c2000_flash_init               
0     003f0a1d  __register_unlock               
0     003f0a21  __register_lock                 
0     003f0a25  __nop                           
0     003f0a2e  __system_pre_init               
0     003f0a30  __system_post_cinit             
0     003f0a31  ___etext__                      
0     003f0a31  etext                           
0     003f0a32  _PieVectTableInit               
0     003f0b32  _BI_BIDIRECTIONAL_M             
0     003f0b34  ___cinit__                      
0     003f0b34  cinit                           
0     003f7ff6  code_start                      
1     00000002  __stack                         
1     00000302  __STACK_END                     
1     00000880  _DevEmuRegs                     
1     00000985  _SysPwrCtrlRegs                 
1     00000a80  _FlashRegs                      
1     00000ae0  _CsmRegs                        
1     00000b00  _AdcResult                      
1     00000c00  _CpuTimer0Regs                  
1     00000c08  _CpuTimer1Regs                  
1     00000c10  _CpuTimer2Regs                  
1     00000ce0  _PieCtrlRegs                    
1     00000d00  _EmuKey                         
1     00000d00  _PieVectTable                   
1     00000d01  _EmuBMode                       
1     00000d02  _Flash_CallbackPtr              
1     00000d04  _Flash_CPUScaleFactor           
1     00006400  _Comp1Regs                      
1     00006420  _Comp2Regs                      
1     00006800  _EPwm1Regs                      
1     00006840  _EPwm2Regs                      
1     00006880  _EPwm3Regs                      
1     000068c0  _EPwm4Regs                      
1     00006a00  _ECap1Regs                      
1     00006f80  _GpioCtrlRegs                   
1     00006fc0  _GpioDataRegs                   
1     00006fe0  _GpioIntRegs                    
1     00007010  _SysCtrlRegs                    
1     00007040  _SpiaRegs                       
1     00007050  _SciaRegs                       
1     00007060  _NmiIntruptRegs                 
1     00007070  _XIntruptRegs                   
1     00007100  _AdcRegs                        
1     00007900  _I2caRegs                       
1     003d7fff  _PartIdRegs                     
1     003f7ff8  _CsmPwl                         
abs   00000300  __STACK_SIZE                    
abs   ffffffff  ___TI_pprof_out_hndl            
abs   ffffffff  ___TI_prof_data_size            
abs   ffffffff  ___TI_prof_data_start           
abs   ffffffff  ___binit__                      
abs   ffffffff  ___c_args__                     
abs   ffffffff  ___pinit__                      
abs   ffffffff  binit                           
abs   ffffffff  pinit                           

[192 symbols]
